time with no pipeline produces expected output
time sleep 1 produces expected output
time sleep 0.05 pipeline produces expected output
time CPU bound pipeline produces expected output
time %3P produces correct output
